Microchip MPLAB XC8 Compiler V3.00

Linker command line:

-W-3 \
  --edf=C:/Users/miken/.mchp_packs/Microchip/PIC18F-Q_DFP/1.31.492/xc8\pic\dat\20260902222310_en.msgs \
  -pivt0x8=08h -cn \
  -h+C:\Users\miken\MPLABProjects\PIC18F26Q84Lab\out\PIC18F26Q84Lab\default.sym \
  --cmf=C:\Users\miken\MPLABProjects\PIC18F26Q84Lab\out\PIC18F26Q84Lab\default.cmf \
  -z -Q18F26Q84 \
  -oC:\Users\miken\AppData\Local\Temp\xcAs11eg.\driver_tmp_3.o \
  --defsym=__MPLAB_BUILD=1 --fixupoverflow=error -Mmem.map \
  --md=C:\Users\miken\AppData\Local\Temp\xcAs11eg.\driver_tmp_0.dat -E1 \
  -ver=XC8 Compiler -ACODE=00h-0FFFFh -ACONST=00h-0FFFFh \
  -ASMALLCONST=02E00h-02EFFhx210 -AMEDIUMCONST=02E00h-0FFFFh \
  -ACOMRAM=0501h-055Fh -AABS1=0500h-024FFh -ABIGRAM=0501h-024FFh \
  -ARAM=0560h-05FFh,0600h-06FFhx31 -ABANK5=0560h-05FFh -ABANK6=0600h-06FFh \
  -ABANK7=0700h-07FFh -ABANK8=0800h-08FFh -ABANK9=0900h-09FFh \
  -ABANK10=0A00h-0AFFh -ABANK11=0B00h-0BFFh -ABANK12=0C00h-0CFFh \
  -ABANK13=0D00h-0DFFh -ABANK14=0E00h-0EFFh -ABANK15=0F00h-0FFFh \
  -ABANK16=01000h-010FFh -ABANK17=01100h-011FFh -ABANK18=01200h-012FFh \
  -ABANK19=01300h-013FFh -ABANK20=01400h-014FFh -ABANK21=01500h-015FFh \
  -ABANK22=01600h-016FFh -ABANK23=01700h-017FFh -ABANK24=01800h-018FFh \
  -ABANK25=01900h-019FFh -ABANK26=01A00h-01AFFh -ABANK27=01B00h-01BFFh \
  -ABANK28=01C00h-01CFFh -ABANK29=01D00h-01DFFh -ABANK30=01E00h-01EFFh \
  -ABANK31=01F00h-01FFFh -ABANK32=02000h-020FFh -ABANK33=02100h-021FFh \
  -ABANK34=02200h-022FFh -ABANK35=02300h-023FFh -ABANK36=02400h-024FFh \
  -ASFR=00h-0FFhx4,0400h-045Fh,0460h-04FFh,02500h-025FFhx9 \
  -ABIGSFR=00h-04FFh,02500h-02DFFh -ACONFIG=0300000h-0300023h \
  -AIDLOC=0200000h-020003Fh -AEEDATA=0380000h-03803FFh -peeprom_data=EEDATA \
  -preset_vec=00h -ppowerup=CODE,init -pramtop=02E00h \
  -psmallconst=SMALLCONST -pmediumconst=MEDIUMCONST -pconst=CONST \
  -AFARRAM=00h-00h \
  -prdata=COMRAM,nvrram=COMRAM,nvbit=COMRAM,rbss=COMRAM,rbit=COMRAM \
  -pfarbss=FARRAM,fardata=FARRAM,nvFARRAM=FARRAM \
  -pintsave_regs=BIGRAM,bigbss=BIGRAM,bigdata=BIGRAM -pbss=RAM \
  -pidata=CODE,irdata=CODE,ibigdata=CODE,ifardata=CODE -prparam=COMRAM \
  C:\Users\miken\AppData\Local\Temp\xcAs11eg.\driver_tmp_12.o \
  C:\Users\miken\MPLABProjects\PIC18F26Q84Lab\out\PIC18F26Q84Lab\default.o 

Object code version is 3.11

Machine type is 18F26Q84



                Name                               Link     Load   Length Selector   Space Scale
C:\Users\miken\AppData\Local\Temp\xcAs11eg.\driver_tmp_12.o
                config                           300000   300000       23        0       4
                init                                 1A       1A        4        4       0
                reset_vec                             0        0        4        0       0
C:\Users\miken\MPLABProjects\PIC18F26Q84Lab\out\PIC18F26Q84Lab\default.o
                config                           300000   300000       23        0       4
                smallconst                         2E00     2E00       40     1700       0
                ivt0x8                                8        8       12        4       0
                text30                             385C     385C        4     1720       0
                text29                             3858     3858        4     1720       0
                text28                             3862     3862        2     1720       0
                text27                             3860     3860        2     1720       0
                text26                             3030     3030       E8     1720       0
                text25                             3696     3696       36     1720       0
                text24                             31E2     31E2       CA     1720       0
                text23                             3734     3734       2E     1720       0
                text22                             34A2     34A2       7A     1720       0
                text21                             37F6     37F6       18     1720       0
                text20                             384E     384E        A     1720       0
                text19                             3844     3844        A     1720       0
                text18                             383A     383A        A     1720       0
                text17                             3700     3700       34     1720       0
                text16                             351C     351C       68     1720       0
                text15                             37DA     37DA       1C     1720       0
                text14                             37BE     37BE       1C     1720       0
                text13                             37A2     37A2       1C     1720       0
                text12                             341C     341C       86     1720       0
                text11                             3824     3824       16     1720       0
                text10                             32AC     32AC       C2     1720       0
                text9                              336E     336E       AE     1720       0
                text8                              36CC     36CC       34     1720       0
                text7                              380E     380E       16     1720       0
                text6                              35D0     35D0       4A     1720       0
                text5                              3784     3784       1E     1720       0
                text4                              3118     3118       CA     1720       0
                text3                              2E40     2E40      1F0     1720       0
                text2                              3584     3584       4C     1720       0
                text1                              3762     3762       22     1720       0
                text0                              361A     361A       44     1720       0
                cstackCOMRAM                        501      501       2E      501       1
                bssBANK6                            600      600       80      600       1
                bssBANK5                            560      560       A0      560       1
                bssCOMRAM                           52F      52F       22      501       1
                cinit                              365E     365E       38     1720       0
                nvCOMRAM                            551      551        4      501       1

TOTAL           Name                               Link     Load   Length     Space
        CLASS   CODE           
                init                                 1A       1A        4         0
                reset_vec                             0        0        4         0
                ivt0x8                                8        8       12         0
                text30                             385C     385C        4         0
                text29                             3858     3858        4         0
                text28                             3862     3862        2         0
                text27                             3860     3860        2         0
                text26                             3030     3030       E8         0
                text25                             3696     3696       36         0
                text24                             31E2     31E2       CA         0
                text23                             3734     3734       2E         0
                text22                             34A2     34A2       7A         0
                text21                             37F6     37F6       18         0
                text20                             384E     384E        A         0
                text19                             3844     3844        A         0
                text18                             383A     383A        A         0
                text17                             3700     3700       34         0
                text16                             351C     351C       68         0
                text15                             37DA     37DA       1C         0
                text14                             37BE     37BE       1C         0
                text13                             37A2     37A2       1C         0
                text12                             341C     341C       86         0
                text11                             3824     3824       16         0
                text10                             32AC     32AC       C2         0
                text9                              336E     336E       AE         0
                text8                              36CC     36CC       34         0
                text7                              380E     380E       16         0
                text6                              35D0     35D0       4A         0
                text5                              3784     3784       1E         0
                text4                              3118     3118       CA         0
                text3                              2E40     2E40      1F0         0
                text2                              3584     3584       4C         0
                text1                              3762     3762       22         0
                text0                              361A     361A       44         0
                cinit                              365E     365E       38         0

        CLASS   CONST          

        CLASS   SMALLCONST     
                smallconst                         2E00     2E00       40         0

        CLASS   MEDIUMCONST    

        CLASS   COMRAM         
                cstackCOMRAM                        501      501       2E         1
                bssCOMRAM                           52F      52F       22         1
                nvCOMRAM                            551      551        4         1

        CLASS   ABS1           

        CLASS   BIGRAM         

        CLASS   RAM            

        CLASS   BANK5          
                bssBANK5                            560      560       A0         1

        CLASS   BANK6          
                bssBANK6                            600      600       80         1

        CLASS   BANK7          

        CLASS   BANK8          

        CLASS   BANK9          

        CLASS   BANK10         

        CLASS   BANK11         

        CLASS   BANK12         

        CLASS   BANK13         

        CLASS   BANK14         

        CLASS   BANK15         

        CLASS   BANK16         

        CLASS   BANK17         

        CLASS   BANK18         

        CLASS   BANK19         

        CLASS   BANK20         

        CLASS   BANK21         

        CLASS   BANK22         

        CLASS   BANK23         

        CLASS   BANK24         

        CLASS   BANK25         

        CLASS   BANK26         

        CLASS   BANK27         

        CLASS   BANK28         

        CLASS   BANK29         

        CLASS   BANK30         

        CLASS   BANK31         

        CLASS   BANK32         

        CLASS   BANK33         

        CLASS   BANK34         

        CLASS   BANK35         

        CLASS   BANK36         

        CLASS   SFR            

        CLASS   BIGSFR         

        CLASS   CONFIG         
                config                           300000   300000       23         4

        CLASS   IDLOC          

        CLASS   EEDATA         

        CLASS   FARRAM         

        CLASS   HEAP           

        CLASS   STACK          



SEGMENTS        Name                           Load    Length   Top    Selector   Space  Class

                reset_vec                      000000  000004  000004         0       0  CODE    
                ivt0x8                         000008  000016  00001E         4       0  CODE    
                cstackCOMRAM                   000501  000054  000555       501       1  COMRAM  
                bssBANK5                       000560  0000A0  000600       560       1  BANK5   
                bssBANK6                       000600  000080  000680       600       1  BANK6   
                smallconst                     002E00  000040  002E40      1700       0  SMALLCON
                text3                          002E40  000A24  003864      1720       0  CODE    


UNUSED ADDRESS RANGES

        Name                Unused          Largest block    Delta
        BANK10           000A00-000AFF              100
        BANK11           000B00-000BFF              100
        BANK12           000C00-000CFF              100
        BANK13           000D00-000DFF              100
        BANK14           000E00-000EFF              100
        BANK15           000F00-000FFF              100
        BANK16           001000-0010FF              100
        BANK17           001100-0011FF              100
        BANK18           001200-0012FF              100
        BANK19           001300-0013FF              100
        BANK20           001400-0014FF              100
        BANK21           001500-0015FF              100
        BANK22           001600-0016FF              100
        BANK23           001700-0017FF              100
        BANK24           001800-0018FF              100
        BANK25           001900-0019FF              100
        BANK26           001A00-001AFF              100
        BANK27           001B00-001BFF              100
        BANK28           001C00-001CFF              100
        BANK29           001D00-001DFF              100
        BANK30           001E00-001EFF              100
        BANK31           001F00-001FFF              100
        BANK32           002000-0020FF              100
        BANK33           002100-0021FF              100
        BANK34           002200-0022FF              100
        BANK35           002300-0023FF              100
        BANK36           002400-0024FF              100
        BANK6            000680-0006FF               80
        BANK7            000700-0007FF              100
        BANK8            000800-0008FF              100
        BANK9            000900-0009FF              100
        BIGRAM           000555-00055F                B
                         000680-0024FF             1E80
        BIGSFR           000000-0004FF              500
                         002500-002DFF              900
        CODE             000004-000007                4
                         00001E-002DFF             2DE2
                         003864-00FFFF             C79C
        COMRAM           000555-00055F                B
        CONFIG           300023-300023                1
        CONST            000004-000007                4
                         00001E-002DFF             2DE2
                         003864-00FFFF             C79C
        EEDATA           380000-3803FF              400
        IDLOC            200000-20003F               40
        MEDIUMCONST      003864-00FFFF             C79C
        RAM              000680-0024FF              100
        SFR              000000-0004FF              100
                         002500-002DFF              100
        SMALLCONST       003864-00FFFF              100

                                  Symbol Table

?_ADC_ChannelSelectAndConvert                      cstackCOMRAM 000505
?___awdiv                                          cstackCOMRAM 000505
?___awmod                                          cstackCOMRAM 000505
?_abs                                              cstackCOMRAM 00050B
?_printf                                           cstackCOMRAM 000526
?_vfprintf                                         cstackCOMRAM 000520
ADC_ChannelSelectAndConvert@channel                cstackCOMRAM 000509
INT0_SetInterruptHandler@InterruptHandler          cstackCOMRAM 000505
INT1_SetInterruptHandler@InterruptHandler          cstackCOMRAM 000505
INT2_SetInterruptHandler@InterruptHandler          cstackCOMRAM 000505
IVTBASEH                                           (abs)        00045E
IVTBASEL                                           (abs)        00045D
IVTBASEU                                           (abs)        00045F
UART1_FramingErrorCallbackRegister@callbackHandler cstackCOMRAM 000505
UART1_OverrunErrorCallbackRegister@callbackHandler cstackCOMRAM 000505
UART1_ParityErrorCallbackRegister@callbackHandler  cstackCOMRAM 000505
UART1_ReceiveISR@regValue                          cstackCOMRAM 000501
UART1_ReceiveISR@tempRxHead                        cstackCOMRAM 000502
UART1_TransmitISR@tempTxTail                       cstackCOMRAM 000501
UART1_Write@tempTxHead                             cstackCOMRAM 000505
UART1_Write@txData                                 cstackCOMRAM 000506
_ACTCON                                            (abs)        0000AC
_ADACCH                                            (abs)        0003E4
_ADACCL                                            (abs)        0003E3
_ADACCU                                            (abs)        0003E5
_ADACQH                                            (abs)        0003EF
_ADACQL                                            (abs)        0003EE
_ADACT                                             (abs)        0003F9
_ADCAP                                             (abs)        0003F0
_ADCLK                                             (abs)        0003FA
_ADCNT                                             (abs)        0003E6
_ADCON0                                            (abs)        0003F3
_ADCON0bits                                        (abs)        0003F3
_ADCON1                                            (abs)        0003F4
_ADCON1bits                                        (abs)        0003F4
_ADCON2                                            (abs)        0003F5
_ADCON2bits                                        (abs)        0003F5
_ADCON3                                            (abs)        0003F6
_ADCON3bits                                        (abs)        0003F6
_ADCP                                              (abs)        0003D8
_ADCPbits                                          (abs)        0003D8
_ADCSEL1                                           (abs)        0003FC
_ADCSEL1bits                                       (abs)        0003FC
_ADCTX                                             (abs)        0003FB
_ADC_ChannelSelectAndConvert                       text23       003734
_ADC_Context1ThresholdCallback                     bssCOMRAM    000545
_ADC_Context1ThresholdISR                          text30       00385C
_ADC_ConversionDoneCallback                        bssCOMRAM    000547
_ADC_ISR                                           text29       003858
_ADC_Initialize                                    text22       0034A2
_ADERRH                                            (abs)        0003DE
_ADERRL                                            (abs)        0003DD
_ADFLTRH                                           (abs)        0003E2
_ADFLTRL                                           (abs)        0003E1
_ADLTHH                                            (abs)        0003DA
_ADLTHL                                            (abs)        0003D9
_ADPCH                                             (abs)        0003EC
_ADPREH                                            (abs)        0003F2
_ADPREL                                            (abs)        0003F1
_ADPREVH                                           (abs)        0003E9
_ADPREVL                                           (abs)        0003E8
_ADREF                                             (abs)        0003F8
_ADRESH                                            (abs)        0003EB
_ADRESL                                            (abs)        0003EA
_ADRPT                                             (abs)        0003E7
_ADSTAT                                            (abs)        0003F7
_ADSTATbits                                        (abs)        0003F7
_ADSTPTH                                           (abs)        0003E0
_ADSTPTL                                           (abs)        0003DF
_ADUTHH                                            (abs)        0003DC
_ADUTHL                                            (abs)        0003DB
_ANSELA                                            (abs)        000400
_ANSELB                                            (abs)        000408
_ANSELC                                            (abs)        000410
_CLOCK_Initialize                                  text21       0037F6
_FSCMCON                                           (abs)        000458
_INLVLA                                            (abs)        000404
_INLVLB                                            (abs)        00040C
_INLVLC                                            (abs)        000414
_INLVLE                                            (abs)        000424
_INT0_DefaultInterruptHandler                      (abs)        000000
_INT0_InterruptHandler                             bssCOMRAM    000543
_INT0_SetInterruptHandler                          text20       00384E
_INT1_DefaultInterruptHandler                      (abs)        000000
_INT1_InterruptHandler                             bssCOMRAM    000541
_INT1_SetInterruptHandler                          text19       003844
_INT2_DefaultInterruptHandler                      (abs)        000000
_INT2_InterruptHandler                             bssCOMRAM    00053F
_INT2_SetInterruptHandler                          text18       00383A
_INTCON0bits                                       (abs)        0004D6
_INTERRUPT_Initialize                              text17       003700
_INTERRUPT_InterruptManager                        text24       0031E2
_IOCAF                                             (abs)        000407
_IOCAN                                             (abs)        000406
_IOCAP                                             (abs)        000405
_IOCBF                                             (abs)        00040F
_IOCBN                                             (abs)        00040E
_IOCBP                                             (abs)        00040D
_IOCCF                                             (abs)        000417
_IOCCN                                             (abs)        000416
_IOCCP                                             (abs)        000415
_IOCEF                                             (abs)        000427
_IOCEN                                             (abs)        000426
_IOCEP                                             (abs)        000425
_LATA                                              (abs)        0004BE
_LATB                                              (abs)        0004BF
_LATC                                              (abs)        0004C0
_ODCONA                                            (abs)        000402
_ODCONB                                            (abs)        00040A
_ODCONC                                            (abs)        000412
_OSCCON1                                           (abs)        0000AD
_OSCCON3                                           (abs)        0000AF
_OSCEN                                             (abs)        0000B3
_OSCFRQ                                            (abs)        0000B1
_OSCTUNE                                           (abs)        0000B0
_PIE1bits                                          (abs)        00049F
_PIE2bits                                          (abs)        0004A0
_PIE4bits                                          (abs)        0004A2
_PIN_MANAGER_Initialize                            text16       00351C
_PIR10bits                                         (abs)        0004B8
_PIR1bits                                          (abs)        0004AF
_PIR2bits                                          (abs)        0004B0
_PIR4bits                                          (abs)        0004B2
_PIR6bits                                          (abs)        0004B4
_RB1I2C                                            (abs)        000289
_RB2I2C                                            (abs)        000288
_RB4PPS                                            (abs)        00020D
_RC3I2C                                            (abs)        000287
_RC4I2C                                            (abs)        000286
_SLRCONA                                           (abs)        000403
_SLRCONB                                           (abs)        00040B
_SLRCONC                                           (abs)        000413
_SYSTEM_Initialize                                 text11       003824
_TRISA                                             (abs)        0004C6
_TRISB                                             (abs)        0004C7
_TRISC                                             (abs)        0004C8
_TRISE                                             (abs)        0004CA
_U1BRGH                                            (abs)        0002AF
_U1BRGL                                            (abs)        0002AE
_U1CON0                                            (abs)        0002AB
_U1CON0bits                                        (abs)        0002AB
_U1CON1                                            (abs)        0002AC
_U1CON1bits                                        (abs)        0002AC
_U1CON2                                            (abs)        0002AD
_U1ERRIE                                           (abs)        0002B3
_U1ERRIR                                           (abs)        0002B2
_U1ERRIRbits                                       (abs)        0002B2
_U1FIFO                                            (abs)        0002B0
_U1P1H                                             (abs)        0002A6
_U1P1L                                             (abs)        0002A5
_U1P2H                                             (abs)        0002A8
_U1P2L                                             (abs)        0002A7
_U1P3H                                             (abs)        0002AA
_U1P3L                                             (abs)        0002A9
_U1RXB                                             (abs)        0002A1
_U1RXCHK                                           (abs)        0002A2
_U1RXPPS                                           (abs)        000272
_U1TXB                                             (abs)        0002A3
_U1TXCHK                                           (abs)        0002A4
_U1UIR                                             (abs)        0002B1
_U1UIRbits                                         (abs)        0002B1
_UART1                                             smallconst   002E01
_UART1_AutoBaudQuery                               (abs)        000000
_UART1_AutoBaudSet                                 (abs)        000000
_UART1_DefaultFramingErrorCallback                 text28       003862
_UART1_DefaultOverrunErrorCallback                 text27       003860
_UART1_DefaultParityErrorCallback                  (abs)        000000
_UART1_Deinitialize                                (abs)        000000
_UART1_ErrorGet                                    (abs)        000000
_UART1_FramingErrorCallbackRegister                text15       0037DA
_UART1_FramingErrorHandler                         bssCOMRAM    00053B
_UART1_Initialize                                  text12       00341C
_UART1_IsRxReady                                   (abs)        000000
_UART1_IsTxDone                                    (abs)        000000
_UART1_IsTxReady                                   text7        00380E
_UART1_OverrunErrorCallbackRegister                text14       0037BE
_UART1_OverrunErrorHandler                         bssCOMRAM    000539
_UART1_ParityErrorCallbackRegister                 text13       0037A2
_UART1_ParityErrorHandler                          bssCOMRAM    000537
_UART1_Read                                        (abs)        000000
_UART1_ReceiveISR                                  text26       003030
_UART1_RxCompleteCallbackRegister                  (abs)        000000
_UART1_RxCompleteInterruptHandler                  bssCOMRAM    000533
_UART1_RxInterruptHandler                          nvCOMRAM     000551
_UART1_TransmitDisable                             (abs)        000000
_UART1_TransmitEnable                              (abs)        000000
_UART1_TransmitISR                                 text25       003696
_UART1_TxCompleteCallbackRegister                  (abs)        000000
_UART1_TxCompleteInterruptHandler                  bssCOMRAM    000535
_UART1_TxInterruptHandler                          nvCOMRAM     000553
_UART1_Write                                       text6        0035D0
_WPUA                                              (abs)        000401
_WPUB                                              (abs)        000409
_WPUC                                              (abs)        000411
_WPUE                                              (abs)        000421
__HRAM                                             (abs)        000000
__H__absolute__                                    __absolute__ 000000
__Habs1                                            abs1         000000
__Hbank10                                          bank10       000000
__Hbank11                                          bank11       000000
__Hbank12                                          bank12       000000
__Hbank13                                          bank13       000000
__Hbank14                                          bank14       000000
__Hbank15                                          bank15       000000
__Hbank16                                          bank16       000000
__Hbank17                                          bank17       000000
__Hbank18                                          bank18       000000
__Hbank19                                          bank19       000000
__Hbank20                                          bank20       000000
__Hbank21                                          bank21       000000
__Hbank22                                          bank22       000000
__Hbank23                                          bank23       000000
__Hbank24                                          bank24       000000
__Hbank25                                          bank25       000000
__Hbank26                                          bank26       000000
__Hbank27                                          bank27       000000
__Hbank28                                          bank28       000000
__Hbank29                                          bank29       000000
__Hbank30                                          bank30       000000
__Hbank31                                          bank31       000000
__Hbank32                                          bank32       000000
__Hbank33                                          bank33       000000
__Hbank34                                          bank34       000000
__Hbank35                                          bank35       000000
__Hbank36                                          bank36       000000
__Hbank5                                           bank5        000000
__Hbank6                                           bank6        000000
__Hbank7                                           bank7        000000
__Hbank8                                           bank8        000000
__Hbank9                                           bank9        000000
__Hbigbss                                          bigbss       000000
__Hbigdata                                         bigdata      000000
__Hbigram                                          bigram       000000
__Hbigsfr                                          bigsfr       000000
__Hbss                                             bss          000000
__HbssBANK5                                        bssBANK5     000000
__HbssBANK6                                        bssBANK6     000000
__HbssCOMRAM                                       bssCOMRAM    000000
__Hcinit                                           cinit        000000
__Hclrtext                                         clrtext      000000
__Hcomram                                          comram       000000
__Hconfig                                          config       300023
__Hconst                                           const        000000
__HcstackCOMRAM                                    cstackCOMRAM 000000
__Hdata                                            data         000000
__Heeprom_data                                     eeprom_data  000000
__Hfarbss                                          farbss       000000
__Hfardata                                         fardata      000000
__Hheap                                            heap         000000
__Hibigdata                                        ibigdata     000000
__Hidata                                           idata        000000
__Hidloc                                           idloc        000000
__Hifardata                                        ifardata     000000
__Hinit                                            init         00001E
__Hintsave_regs                                    intsave_regs 000000
__Hirdata                                          irdata       000000
__Hivt0x8                                          ivt0x8       00001A
__Hmediumconst                                     mediumconst  000000
__HnvCOMRAM                                        nvCOMRAM     000000
__HnvFARRAM                                        nvFARRAM     000000
__Hnvbit                                           nvbit        000000
__Hnvrram                                          nvrram       000000
__Hparam                                           rparam       000000
__Hpowerup                                         powerup      000000
__Hram                                             ram          000000
__Hramtop                                          ramtop       002E00
__Hrbit                                            rbit         000000
__Hrbss                                            rbss         000000
__Hrdata                                           rdata        000000
__Hreset_vec                                       reset_vec    000004
__Hrparam                                          rparam       000000
__Hsfr                                             sfr          000000
__Hsmallconst                                      smallconst   002E40
__Hspace_0                                         (abs)        003864
__Hspace_1                                         (abs)        000680
__Hspace_2                                         (abs)        000000
__Hspace_4                                         (abs)        600023
__Hstack                                           stack        000000
__Hstruct                                          struct       000000
__Htemp                                            temp         000000
__Htext                                            text         000000
__Htext0                                           text0        000000
__Htext1                                           text1        000000
__Htext10                                          text10       000000
__Htext11                                          text11       000000
__Htext12                                          text12       000000
__Htext13                                          text13       000000
__Htext14                                          text14       000000
__Htext15                                          text15       000000
__Htext16                                          text16       000000
__Htext17                                          text17       000000
__Htext18                                          text18       000000
__Htext19                                          text19       000000
__Htext2                                           text2        000000
__Htext20                                          text20       000000
__Htext21                                          text21       000000
__Htext22                                          text22       000000
__Htext23                                          text23       000000
__Htext24                                          text24       000000
__Htext25                                          text25       000000
__Htext26                                          text26       000000
__Htext27                                          text27       000000
__Htext28                                          text28       000000
__Htext29                                          text29       000000
__Htext3                                           text3        000000
__Htext30                                          text30       000000
__Htext4                                           text4        000000
__Htext5                                           text5        000000
__Htext6                                           text6        000000
__Htext7                                           text7        000000
__Htext8                                           text8        000000
__Htext9                                           text9        000000
__LRAM                                             (abs)        000001
__L__absolute__                                    __absolute__ 000000
__Labs1                                            abs1         000000
__Lbank10                                          bank10       000000
__Lbank11                                          bank11       000000
__Lbank12                                          bank12       000000
__Lbank13                                          bank13       000000
__Lbank14                                          bank14       000000
__Lbank15                                          bank15       000000
__Lbank16                                          bank16       000000
__Lbank17                                          bank17       000000
__Lbank18                                          bank18       000000
__Lbank19                                          bank19       000000
__Lbank20                                          bank20       000000
__Lbank21                                          bank21       000000
__Lbank22                                          bank22       000000
__Lbank23                                          bank23       000000
__Lbank24                                          bank24       000000
__Lbank25                                          bank25       000000
__Lbank26                                          bank26       000000
__Lbank27                                          bank27       000000
__Lbank28                                          bank28       000000
__Lbank29                                          bank29       000000
__Lbank30                                          bank30       000000
__Lbank31                                          bank31       000000
__Lbank32                                          bank32       000000
__Lbank33                                          bank33       000000
__Lbank34                                          bank34       000000
__Lbank35                                          bank35       000000
__Lbank36                                          bank36       000000
__Lbank5                                           bank5        000000
__Lbank6                                           bank6        000000
__Lbank7                                           bank7        000000
__Lbank8                                           bank8        000000
__Lbank9                                           bank9        000000
__Lbigbss                                          bigbss       000000
__Lbigdata                                         bigdata      000000
__Lbigram                                          bigram       000000
__Lbigsfr                                          bigsfr       000000
__Lbss                                             bss          000000
__LbssBANK5                                        bssBANK5     000000
__LbssBANK6                                        bssBANK6     000000
__LbssCOMRAM                                       bssCOMRAM    000000
__Lcinit                                           cinit        000000
__Lclrtext                                         clrtext      000000
__Lcomram                                          comram       000000
__Lconfig                                          config       000000
__Lconst                                           const        000000
__LcstackCOMRAM                                    cstackCOMRAM 000000
__Ldata                                            data         000000
__Leeprom_data                                     eeprom_data  000000
__Lfarbss                                          farbss       000000
__Lfardata                                         fardata      000000
__Lheap                                            heap         000000
__Libigdata                                        ibigdata     000000
__Lidata                                           idata        000000
__Lidloc                                           idloc        000000
__Lifardata                                        ifardata     000000
__Linit                                            init         00001A
__Lintsave_regs                                    intsave_regs 000000
__Lirdata                                          irdata       000000
__Livt0x8                                          ivt0x8       000008
__Lmediumconst                                     mediumconst  000000
__LnvCOMRAM                                        nvCOMRAM     000000
__LnvFARRAM                                        nvFARRAM     000000
__Lnvbit                                           nvbit        000000
__Lnvrram                                          nvrram       000000
__Lparam                                           rparam       000000
__Lpowerup                                         powerup      000000
__Lram                                             ram          000000
__Lramtop                                          ramtop       002E00
__Lrbit                                            rbit         000000
__Lrbss                                            rbss         000000
__Lrdata                                           rdata        000000
__Lreset_vec                                       reset_vec    000000
__Lrparam                                          rparam       000000
__Lsfr                                             sfr          000000
__Lsmallconst                                      smallconst   002E00
__Lspace_0                                         (abs)        000000
__Lspace_1                                         (abs)        000000
__Lspace_2                                         (abs)        000000
__Lspace_4                                         (abs)        000000
__Lstack                                           stack        000000
__Lstruct                                          struct       000000
__Ltemp                                            temp         000000
__Ltext                                            text         000000
__Ltext0                                           text0        000000
__Ltext1                                           text1        000000
__Ltext10                                          text10       000000
__Ltext11                                          text11       000000
__Ltext12                                          text12       000000
__Ltext13                                          text13       000000
__Ltext14                                          text14       000000
__Ltext15                                          text15       000000
__Ltext16                                          text16       000000
__Ltext17                                          text17       000000
__Ltext18                                          text18       000000
__Ltext19                                          text19       000000
__Ltext2                                           text2        000000
__Ltext20                                          text20       000000
__Ltext21                                          text21       000000
__Ltext22                                          text22       000000
__Ltext23                                          text23       000000
__Ltext24                                          text24       000000
__Ltext25                                          text25       000000
__Ltext26                                          text26       000000
__Ltext27                                          text27       000000
__Ltext28                                          text28       000000
__Ltext29                                          text29       000000
__Ltext3                                           text3        000000
__Ltext30                                          text30       000000
__Ltext4                                           text4        000000
__Ltext5                                           text5        000000
__Ltext6                                           text6        000000
__Ltext7                                           text7        000000
__Ltext8                                           text8        000000
__Ltext9                                           text9        000000
__S0                                               (abs)        003864
__S1                                               (abs)        000680
__S4                                               (abs)        000000
__S5                                               (abs)        000000
___awdiv                                           text10       0032AC
___awdiv@counter                                   cstackCOMRAM 000509
___awdiv@dividend                                  cstackCOMRAM 000505
___awdiv@divisor                                   cstackCOMRAM 000507
___awdiv@quotient                                  cstackCOMRAM 00050B
___awdiv@sign                                      cstackCOMRAM 00050A
___awmod                                           text9        00336E
___awmod@counter                                   cstackCOMRAM 000509
___awmod@dividend                                  cstackCOMRAM 000505
___awmod@divisor                                   cstackCOMRAM 000507
___awmod@sign                                      cstackCOMRAM 00050A
___heap_hi                                         (abs)        000000
___heap_lo                                         (abs)        000000
___inthi_sp                                        stack        000000
___inthi_stack_hi                                  stack        000000
___inthi_stack_lo                                  stack        000000
___intlo_sp                                        stack        000000
___intlo_stack_hi                                  stack        000000
___intlo_stack_lo                                  stack        000000
___param_bank                                      (abs)        000000
___rparam_used                                     (abs)        000001
___sp                                              stack        000000
___stack_hi                                        stack        000000
___stack_lo                                        stack        000000
__accesstop                                        (abs)        000560
__activetblptr                                     (abs)        000003
__end_of_ADC_ChannelSelectAndConvert               text23       003762
__end_of_ADC_Context1ThresholdISR                  text30       003860
__end_of_ADC_ISR                                   text29       00385C
__end_of_ADC_Initialize                            text22       00351C
__end_of_CLOCK_Initialize                          text21       00380E
__end_of_INT0_SetInterruptHandler                  text20       003858
__end_of_INT1_SetInterruptHandler                  text19       00384E
__end_of_INT2_SetInterruptHandler                  text18       003844
__end_of_INTERRUPT_Initialize                      text17       003734
__end_of_INTERRUPT_InterruptManager                text24       0032AC
__end_of_PIN_MANAGER_Initialize                    text16       003584
__end_of_SYSTEM_Initialize                         text11       00383A
__end_of_UART1                                     smallconst   002E31
__end_of_UART1_DefaultFramingErrorCallback         text28       003864
__end_of_UART1_DefaultOverrunErrorCallback         text27       003862
__end_of_UART1_FramingErrorCallbackRegister        text15       0037F6
__end_of_UART1_Initialize                          text12       0034A2
__end_of_UART1_IsTxReady                           text7        003824
__end_of_UART1_OverrunErrorCallbackRegister        text14       0037DA
__end_of_UART1_ParityErrorCallbackRegister         text13       0037BE
__end_of_UART1_ReceiveISR                          text26       003118
__end_of_UART1_TransmitISR                         text25       0036CC
__end_of_UART1_Write                               text6        00361A
__end_of___awdiv                                   text10       00336E
__end_of___awmod                                   text9        00341C
__end_of__initialization                           cinit        003690
__end_of_abs                                       text8        003700
__end_of_fputc                                     text4        0031E2
__end_of_main                                      text0        00365E
__end_of_printf                                    text1        003784
__end_of_putch                                     text5        0037A2
__end_of_vfpfcnvrt                                 text3        003030
__end_of_vfprintf                                  text2        0035D0
__initialization                                   cinit        00365E
__mediumconst                                      smallconst   002E00
__pbssBANK5                                        bssBANK5     000560
__pbssBANK6                                        bssBANK6     000600
__pbssCOMRAM                                       bssCOMRAM    00052F
__pcinit                                           cinit        00365E
__pcstackCOMRAM                                    cstackCOMRAM 000501
__pivt0x8                                          ivt0x8       000008
__pnvCOMRAM                                        nvCOMRAM     000551
__psmallconst                                      smallconst   002E00
__ptext0                                           text0        00361A
__ptext1                                           text1        003762
__ptext10                                          text10       0032AC
__ptext11                                          text11       003824
__ptext12                                          text12       00341C
__ptext13                                          text13       0037A2
__ptext14                                          text14       0037BE
__ptext15                                          text15       0037DA
__ptext16                                          text16       00351C
__ptext17                                          text17       003700
__ptext18                                          text18       00383A
__ptext19                                          text19       003844
__ptext2                                           text2        003584
__ptext20                                          text20       00384E
__ptext21                                          text21       0037F6
__ptext22                                          text22       0034A2
__ptext23                                          text23       003734
__ptext24                                          text24       0031E2
__ptext25                                          text25       003696
__ptext26                                          text26       003030
__ptext27                                          text27       003860
__ptext28                                          text28       003862
__ptext29                                          text29       003858
__ptext3                                           text3        002E40
__ptext30                                          text30       00385C
__ptext4                                           text4        003118
__ptext5                                           text5        003784
__ptext6                                           text6        0035D0
__ptext7                                           text7        00380E
__ptext8                                           text8        0036CC
__ptext9                                           text9        00336E
__ramtop                                           ramtop       002E00
__smallconst                                       smallconst   002E00
_abs                                               text8        0036CC
_adc_busy_status                                   bssCOMRAM    000550
_dbuf                                              bssBANK5     0005E0
_flags                                             bssCOMRAM    000549
_fputc                                             text4        003118
_main                                              text0        00361A
_prec                                              bssCOMRAM    000531
_printf                                            text1        003762
_putch                                             text5        003784
_uart1RxBuffer                                     bssBANK6     000600
_uart1RxCount                                      bssCOMRAM    00054A
_uart1RxHead                                       bssCOMRAM    00054C
_uart1RxLastError                                  bssCOMRAM    00053D
_uart1RxStatusBuffer                               bssBANK5     000560
_uart1RxTail                                       bssCOMRAM    00054B
_uart1TxBuffer                                     bssBANK6     000640
_uart1TxBufferRemaining                            bssCOMRAM    00054D
_uart1TxHead                                       bssCOMRAM    00054F
_uart1TxTail                                       bssCOMRAM    00054E
_vfpfcnvrt                                         text3        002E40
_vfprintf                                          text2        003584
_width                                             bssCOMRAM    00052F
abs@a                                              cstackCOMRAM 00050B
end_of_initialization                              cinit        003690
fputc@c                                            cstackCOMRAM 000508
fputc@fp                                           cstackCOMRAM 00050A
intlevel0                                          text         000000
intlevel1                                          text         000000
intlevel2                                          text         000000
intlevel3                                          text         000000
isa$std                                            (abs)        000001
isa$xinst                                          (abs)        000000
ivt0x8_base                                        ivt0x8       000008
main@adc_val                                       cstackCOMRAM 00052D
printf@ap                                          cstackCOMRAM 000529
printf@fmt                                         cstackCOMRAM 000526
putch@txData                                       cstackCOMRAM 000507
stackhi                                            (abs)        000000
stacklo                                            (abs)        000000
start                                              init         00001A
start_initialization                               cinit        00365E
vfpfcnvrt@ap                                       cstackCOMRAM 000515
vfpfcnvrt@c                                        cstackCOMRAM 00051F
vfpfcnvrt@convarg                                  cstackCOMRAM 00051B
vfpfcnvrt@cp                                       cstackCOMRAM 00051A
vfpfcnvrt@done                                     cstackCOMRAM 000519
vfpfcnvrt@fmt                                      cstackCOMRAM 000513
vfpfcnvrt@fp                                       cstackCOMRAM 000511
vfprintf@ap                                        cstackCOMRAM 000523
vfprintf@cfmt                                      cstackCOMRAM 000525
vfprintf@fmt                                       cstackCOMRAM 000522
vfprintf@fp                                        cstackCOMRAM 000520


MODULE INFORMATION

Module		Function		Class		Link	Load	Size
c:\PROGRA~1\MICROC~1\xc8\v3.00\pic\sources\c99\common\awdiv.c
		___awdiv       		CODE           	32AC	0000	194

c:\PROGRA~1\MICROC~1\xc8\v3.00\pic\sources\c99\common\awdiv.c estimated size: 194

C:\Users\miken\MPLABProjects\PIC18F26Q84Lab\config.mcc\mcc_generated_files\system\src\pins.c
		_PIN_MANAGER_Initialize		CODE           	351C	0000	104

C:\Users\miken\MPLABProjects\PIC18F26Q84Lab\config.mcc\mcc_generated_files\system\src\pins.c estimated size: 104

c:\PROGRA~1\MICROC~1\xc8\v3.00\pic\sources\c99\common\doprnt.c
		_vfpfcnvrt     		CODE           	2E40	0000	496
		_vfprintf      		CODE           	3584	0000	76

c:\PROGRA~1\MICROC~1\xc8\v3.00\pic\sources\c99\common\doprnt.c estimated size: 572

shared
		__initialization		CODE           	365E	0000	50
		_UART1         		SMALLCONST     	2E01	0000	48

shared estimated size: 98

C:\Users\miken\MPLABProjects\PIC18F26Q84Lab\config.mcc\main.c
		_main          		CODE           	361A	0000	68

C:\Users\miken\MPLABProjects\PIC18F26Q84Lab\config.mcc\main.c estimated size: 68

c:\PROGRA~1\MICROC~1\xc8\v3.00\pic\sources\c99\common\nf_fputc.c
		_fputc         		CODE           	3118	0000	202

c:\PROGRA~1\MICROC~1\xc8\v3.00\pic\sources\c99\common\nf_fputc.c estimated size: 202

C:\Users\miken\MPLABProjects\PIC18F26Q84Lab\config.mcc\mcc_generated_files\system\src\system.c
		_SYSTEM_Initialize		CODE           	3824	0000	22

C:\Users\miken\MPLABProjects\PIC18F26Q84Lab\config.mcc\mcc_generated_files\system\src\system.c estimated size: 22

C:\Users\miken\MPLABProjects\PIC18F26Q84Lab\config.mcc\mcc_generated_files\system\src\clock.c
		_CLOCK_Initialize		CODE           	37F6	0000	24

C:\Users\miken\MPLABProjects\PIC18F26Q84Lab\config.mcc\mcc_generated_files\system\src\clock.c estimated size: 24

C:\Users\miken\MPLABProjects\PIC18F26Q84Lab\config.mcc\mcc_generated_files\system\src\interrupt.c
		_INT0_SetInterruptHandler		CODE           	384E	0000	10
		_INT1_SetInterruptHandler		CODE           	3844	0000	10
		_INT2_SetInterruptHandler		CODE           	383A	0000	10
		_INTERRUPT_Initialize		CODE           	3700	0000	52
		_INTERRUPT_InterruptManager		CODE           	31E2	0000	202

C:\Users\miken\MPLABProjects\PIC18F26Q84Lab\config.mcc\mcc_generated_files\system\src\interrupt.c estimated size: 284

c:\PROGRA~1\MICROC~1\xc8\v3.00\pic\sources\c99\common\printf.c
		_printf        		CODE           	3762	0000	34

c:\PROGRA~1\MICROC~1\xc8\v3.00\pic\sources\c99\common\printf.c estimated size: 34

c:\PROGRA~1\MICROC~1\xc8\v3.00\pic\sources\c99\common\awmod.c
		___awmod       		CODE           	336E	0000	174

c:\PROGRA~1\MICROC~1\xc8\v3.00\pic\sources\c99\common\awmod.c estimated size: 174

C:\Users\miken\MPLABProjects\PIC18F26Q84Lab\config.mcc\mcc_generated_files\adc\src\adc.c
		_ADC_Initialize		CODE           	34A2	0000	122
		_ADC_Context1ThresholdISR		CODE           	385C	0000	4
		_ADC_ChannelSelectAndConvert		CODE           	3734	0000	46
		_ADC_ISR       		CODE           	3858	0000	4

C:\Users\miken\MPLABProjects\PIC18F26Q84Lab\config.mcc\mcc_generated_files\adc\src\adc.c estimated size: 176

C:\Users\miken\MPLABProjects\PIC18F26Q84Lab\config.mcc\mcc_generated_files\uart\src\uart1.c
		_UART1_DefaultOverrunErrorCallback		CODE           	3860	0000	2
		_UART1_IsTxReady		CODE           	380E	0000	22
		_UART1_Write   		CODE           	35D0	0000	74
		_putch         		CODE           	3784	0000	30
		_UART1_FramingErrorCallbackRegister		CODE           	37DA	0000	28
		_UART1_OverrunErrorCallbackRegister		CODE           	37BE	0000	28
		_UART1_ReceiveISR		CODE           	3030	0000	232
		_UART1_Initialize		CODE           	341C	0000	134
		_UART1_DefaultFramingErrorCallback		CODE           	3862	0000	2
		_UART1_TransmitISR		CODE           	3696	0000	54
		_UART1_ParityErrorCallbackRegister		CODE           	37A2	0000	28

C:\Users\miken\MPLABProjects\PIC18F26Q84Lab\config.mcc\mcc_generated_files\uart\src\uart1.c estimated size: 634

c:\PROGRA~1\MICROC~1\xc8\v3.00\pic\sources\c99\common\abs.c
		_abs           		CODE           	36CC	0000	52

c:\PROGRA~1\MICROC~1\xc8\v3.00\pic\sources\c99\common\abs.c estimated size: 52

